certificates:
- genesis key delegation:
    VRF key hash: 1b9de69baec0dff8dde6e81d71f40f8b65fb3df55bb6ece5783aade88b17354d
    delegate key hash: d52ac434259f2af7fd2a538ece5ef8d80386527aa93e207473acb31c
    genesis key hash: c3db461200fa59c81a4ecc8495446d9e42de27483ff6ee4339c9ab94
- MIR:
    pot: reserves
    target stake addresses:
    - amount: 1000 Lovelace
      stake credential key hash: ee475cade27e95faf1093541b0783498016cdcfba0d6441055b2dfcb
- stake address deregistration:
    stake credential key hash: d0efd9836e62225a47baf9bedfeaccbb86ba3f49d9edc4ac0aa26df5
- stake address registration:
    stake credential key hash: c6ea7e348d300b32798888497290db24a99a36f2238ed9668f602d7a
- stake pool retirement:
    epoch: 42
    pool: pool13lllruv6rd63l70vkpgye2ea856f22k8xhujmf2vvlul5ytw7mx
- stake pool registration:
    VRF key hash: 8d445260282cef45e4c6a862b8a924aeed1b316ccba779dd39f9517220e96407
    cost: 1000 Lovelace
    margin: 1/10
    metadata: null
    owners (stake key hashes):
    - f25fc5c9f341ec3bd785ddea746f76b6a9ac7f38fdd7aef1779bbe81
    pledge: 5000 Lovelace
    pool: pool1cxxj569g3x9akwv49vv6u5z8d3l7xrwzh7p2tf2g2ajkce894m3
    relays: []
    reward account:
      network: Mainnet
      stake credential key hash: f25fc5c9f341ec3bd785ddea746f76b6a9ac7f38fdd7aef1779bbe81
era: Shelley
fee: 32 Lovelace
inputs:
- fe5dd07fb576bff960d6e066eade5b26cdb5afebe29f76ea58d0a098bce5d891#29
metadata: null
outputs:
- address: addr_test1vz7w0r9epak6nmnh3mc8e2ypkjyu8zsc3xf7dpct6k577acxmcfyv (Shelley)
  amount: 31 Lovelace
  network: Testnet
  payment credential key hash: bce78cb90f6da9ee778ef07ca881b489c38a188993e6870bd5a9ef77
  stake reference: null
time to live: 33
update proposal: null
withdrawals:
- address: stake_test1up00fz9lyqs5sjks82k22eqz7a9srym9vysjgp3h2ua2v2cm522kg
  amount: 42 Lovelace
  network: Testnet
  stake credential key hash: 5ef488bf2021484ad03aaca56402f74b0193656121240637573aa62b
